****************************************
Report : power
        -analysis_effort low
Design : spi_core
Version: X-2025.06
Date   : Thu Oct  8 16:11:16 2026
****************************************


Library(s) Used:

    lsi_10k (File: /home/cad/eda/SYNOPSYS/Design_compiler/syn/X-2025.06/libraries/syn/lsi_10k.db)

Information: The cells in your design are not characterized for internal power. (PWR-229)

Operating Conditions: nom_pvt   Library: lsi_10k
Wire Load Model Mode: top


Global Operating Voltage = 5
Power-specific unit information :
    Voltage Units = 1V
    Capacitance Units = 0.100000ff
    Time Units = 1ns
    Dynamic Power Units = 100nW    (derived from V,C,T units)
    Leakage Power Units = Unitless


Attributes
----------
i - Including register clock pin internal power


  Cell Internal Power  =   0.0000 nW    (0%)
  Net Switching Power  = 759.1644 nW  (100%)
                         ---------
Total Dynamic Power    = 759.1644 nW  (100%)

Cell Leakage Power     =   0.0000

Error: Either dynamic power or leakage power, in the library, is unitless. Unable to display complete power group summary. (PWR-799)

                 Internal         Switching           Leakage            Total
Power Group      Power            Power               Power              Power   (   %    )  Attrs
--------------------------------------------------------------------------------------------------
(     N/A)
(     N/A)
(     N/A)
(     N/A)  i
(     N/A)
(     N/A)
(     N/A)
--------------------------------------------------------------------------------------------------
Total              0.0000 nW       759.1644 nW         0.0000               NA
